<p id="outer"><em id="frotz">Nested Text</em>
<hr>(c) 2009 HLS</p>