<html><head><title>List Accounts</title></head>
<body><h1>List of Accounts using (block)</h1><ul><li>Dewey</li>
<li>Cheatum</li>
<li>Howe</li>
</ul></body></html>