<html><head><title>Symbol Demo</title></head><body>
<hr/><p>&copy; 2009 <a href="mailto:hlship@gmail.com">Howard M. Lewis Ship</a></p>
<h1>Symbol Demo</h1>
<hr/><p>&copy; 2009 <a href="mailto:hlship@gmail.com">Howard M. Lewis Ship</a></p>
</body></html>