<div class="alert"><p foo="bar" class="strong">Help!</p></div>